2026-02-25 09:39:41,164 - ERROR - Erro no embedding de C:\Users\PC\source\person_repos\scrapWiki\data\rag_chunks\armor.json: the input length exceeds the context length (status code: 500)
2026-02-25 09:39:54,409 - ERROR - Erro no embedding de C:\Users\PC\source\person_repos\scrapWiki\data\rag_chunks\asksvin_rug.json: the input length exceeds the context length (status code: 500)
2026-02-25 09:40:09,782 - ERROR - Erro no embedding de C:\Users\PC\source\person_repos\scrapWiki\data\rag_chunks\bearskin_rug.json: the input length exceeds the context length (status code: 500)
2026-02-25 09:40:20,286 - ERROR - Erro no embedding de C:\Users\PC\source\person_repos\scrapWiki\data\rag_chunks\birch.json: the input length exceeds the context length (status code: 500)
2026-02-25 09:40:43,803 - ERROR - Erro no embedding de C:\Users\PC\source\person_repos\scrapWiki\data\rag_chunks\blue_jute_carpet.json: the input length exceeds the context length (status code: 500)
2026-02-25 09:40:50,062 - ERROR - Erro no embedding de C:\Users\PC\source\person_repos\scrapWiki\data\rag_chunks\blunt.json: the input length exceeds the context length (status code: 500)
2026-02-25 09:41:06,600 - ERROR - Erro no embedding de C:\Users\PC\source\person_repos\scrapWiki\data\rag_chunks\boss.json: the input length exceeds the context length (status code: 500)
2026-02-25 09:41:09,241 - ERROR - Erro no embedding de C:\Users\PC\source\person_repos\scrapWiki\data\rag_chunks\bosses.json: the input length exceeds the context length (status code: 500)
2026-02-25 09:41:09,568 - ERROR - Erro no embedding de C:\Users\PC\source\person_repos\scrapWiki\data\rag_chunks\bows.json: the input length exceeds the context length (status code: 500)
2026-02-25 09:42:09,641 - ERROR - Erro no embedding de C:\Users\PC\source\person_repos\scrapWiki\data\rag_chunks\chop.json: the input length exceeds the context length (status code: 500)
2026-02-25 09:42:16,344 - ERROR - Erro no embedding de C:\Users\PC\source\person_repos\scrapWiki\data\rag_chunks\clubs.json: the input length exceeds the context length (status code: 500)
2026-02-25 09:42:34,183 - ERROR - Erro no embedding de C:\Users\PC\source\person_repos\scrapWiki\data\rag_chunks\crafting.json: the input length exceeds the context length (status code: 500)
2026-02-25 09:42:38,435 - ERROR - Erro no embedding de C:\Users\PC\source\person_repos\scrapWiki\data\rag_chunks\creatures.json: the input length exceeds the context length (status code: 500)
2026-02-25 09:42:46,639 - ERROR - Erro no embedding de C:\Users\PC\source\person_repos\scrapWiki\data\rag_chunks\cultivator.json: the input length exceeds the context length (status code: 500)
2026-02-25 09:42:51,990 - ERROR - Erro no embedding de C:\Users\PC\source\person_repos\scrapWiki\data\rag_chunks\damage#blunt.json: the input length exceeds the context length (status code: 500)
2026-02-25 09:42:56,150 - ERROR - Erro no embedding de C:\Users\PC\source\person_repos\scrapWiki\data\rag_chunks\damage#chop.json: the input length exceeds the context length (status code: 500)
2026-02-25 09:43:00,391 - ERROR - Erro no embedding de C:\Users\PC\source\person_repos\scrapWiki\data\rag_chunks\damage#fire.json: the input length exceeds the context length (status code: 500)
2026-02-25 09:43:04,741 - ERROR - Erro no embedding de C:\Users\PC\source\person_repos\scrapWiki\data\rag_chunks\damage#frost.json: the input length exceeds the context length (status code: 500)
2026-02-25 09:43:09,297 - ERROR - Erro no embedding de C:\Users\PC\source\person_repos\scrapWiki\data\rag_chunks\damage#lightning.json: the input length exceeds the context length (status code: 500)
2026-02-25 09:43:13,398 - ERROR - Erro no embedding de C:\Users\PC\source\person_repos\scrapWiki\data\rag_chunks\damage#pickaxe.json: the input length exceeds the context length (status code: 500)
2026-02-25 09:43:17,709 - ERROR - Erro no embedding de C:\Users\PC\source\person_repos\scrapWiki\data\rag_chunks\damage#pierce.json: the input length exceeds the context length (status code: 500)
2026-02-25 09:43:21,934 - ERROR - Erro no embedding de C:\Users\PC\source\person_repos\scrapWiki\data\rag_chunks\damage#poison.json: the input length exceeds the context length (status code: 500)
2026-02-25 09:43:26,415 - ERROR - Erro no embedding de C:\Users\PC\source\person_repos\scrapWiki\data\rag_chunks\damage#slash.json: the input length exceeds the context length (status code: 500)
2026-02-25 09:43:30,764 - ERROR - Erro no embedding de C:\Users\PC\source\person_repos\scrapWiki\data\rag_chunks\damage#spirit.json: the input length exceeds the context length (status code: 500)
2026-02-25 09:43:34,905 - ERROR - Erro no embedding de C:\Users\PC\source\person_repos\scrapWiki\data\rag_chunks\damage#weak_points.json: the input length exceeds the context length (status code: 500)
2026-02-25 09:43:39,281 - ERROR - Erro no embedding de C:\Users\PC\source\person_repos\scrapWiki\data\rag_chunks\damage.json: the input length exceeds the context length (status code: 500)
2026-02-25 09:43:39,648 - ERROR - Erro no embedding de C:\Users\PC\source\person_repos\scrapWiki\data\rag_chunks\damage_and_blocking_mechanics#armor.json: the input length exceeds the context length (status code: 500)
2026-02-25 09:43:39,958 - ERROR - Erro no embedding de C:\Users\PC\source\person_repos\scrapWiki\data\rag_chunks\damage_and_blocking_mechanics.json: the input length exceeds the context length (status code: 500)
2026-02-25 09:43:40,242 - ERROR - Erro no embedding de C:\Users\PC\source\person_repos\scrapWiki\data\rag_chunks\damage_mechanics#dodging.json: the input length exceeds the context length (status code: 500)
2026-02-25 09:43:40,533 - ERROR - Erro no embedding de C:\Users\PC\source\person_repos\scrapWiki\data\rag_chunks\damage_mechanics.json: the input length exceeds the context length (status code: 500)
2026-02-25 09:43:44,758 - ERROR - Erro no embedding de C:\Users\PC\source\person_repos\scrapWiki\data\rag_chunks\damage_types#blunt.json: the input length exceeds the context length (status code: 500)
2026-02-25 09:43:49,007 - ERROR - Erro no embedding de C:\Users\PC\source\person_repos\scrapWiki\data\rag_chunks\damage_types#chop.json: the input length exceeds the context length (status code: 500)
2026-02-25 09:43:53,490 - ERROR - Erro no embedding de C:\Users\PC\source\person_repos\scrapWiki\data\rag_chunks\damage_types#fire.json: the input length exceeds the context length (status code: 500)
2026-02-25 09:43:57,855 - ERROR - Erro no embedding de C:\Users\PC\source\person_repos\scrapWiki\data\rag_chunks\damage_types#frost.json: the input length exceeds the context length (status code: 500)
2026-02-25 09:44:02,063 - ERROR - Erro no embedding de C:\Users\PC\source\person_repos\scrapWiki\data\rag_chunks\damage_types#lightning.json: the input length exceeds the context length (status code: 500)
2026-02-25 09:44:06,484 - ERROR - Erro no embedding de C:\Users\PC\source\person_repos\scrapWiki\data\rag_chunks\damage_types#pickaxe.json: the input length exceeds the context length (status code: 500)
2026-02-25 09:44:10,978 - ERROR - Erro no embedding de C:\Users\PC\source\person_repos\scrapWiki\data\rag_chunks\damage_types#pierce.json: the input length exceeds the context length (status code: 500)
2026-02-25 09:44:15,561 - ERROR - Erro no embedding de C:\Users\PC\source\person_repos\scrapWiki\data\rag_chunks\damage_types#poison.json: the input length exceeds the context length (status code: 500)
2026-02-25 09:44:19,950 - ERROR - Erro no embedding de C:\Users\PC\source\person_repos\scrapWiki\data\rag_chunks\damage_types#slash.json: the input length exceeds the context length (status code: 500)
2026-02-25 09:44:24,267 - ERROR - Erro no embedding de C:\Users\PC\source\person_repos\scrapWiki\data\rag_chunks\damage_types#spirit.json: the input length exceeds the context length (status code: 500)
2026-02-25 09:44:28,548 - ERROR - Erro no embedding de C:\Users\PC\source\person_repos\scrapWiki\data\rag_chunks\damage_types#staggering.json: the input length exceeds the context length (status code: 500)
2026-02-25 09:44:32,732 - ERROR - Erro no embedding de C:\Users\PC\source\person_repos\scrapWiki\data\rag_chunks\damage_types.json: the input length exceeds the context length (status code: 500)
2026-02-25 09:44:39,584 - ERROR - Erro no embedding de C:\Users\PC\source\person_repos\scrapWiki\data\rag_chunks\deer_rug.json: the input length exceeds the context length (status code: 500)
2026-02-25 09:44:53,606 - ERROR - Erro no embedding de C:\Users\PC\source\person_repos\scrapWiki\data\rag_chunks\draugr.json: the input length exceeds the context length (status code: 500)
2026-02-25 09:45:34,495 - ERROR - Erro no embedding de C:\Users\PC\source\person_repos\scrapWiki\data\rag_chunks\events.json: the input length exceeds the context length (status code: 500)
2026-02-25 09:45:59,484 - ERROR - Erro no embedding de C:\Users\PC\source\person_repos\scrapWiki\data\rag_chunks\fire.json: the input length exceeds the context length (status code: 500)
2026-02-25 09:46:03,215 - ERROR - Erro no embedding de C:\Users\PC\source\person_repos\scrapWiki\data\rag_chunks\fish.json: the input length exceeds the context length (status code: 500)
2026-02-25 09:46:22,943 - ERROR - Erro no embedding de C:\Users\PC\source\person_repos\scrapWiki\data\rag_chunks\food.json: the input length exceeds the context length (status code: 500)
2026-02-25 09:46:31,127 - ERROR - Erro no embedding de C:\Users\PC\source\person_repos\scrapWiki\data\rag_chunks\frost.json: the input length exceeds the context length (status code: 500)
2026-02-25 09:46:56,355 - ERROR - Erro no embedding de C:\Users\PC\source\person_repos\scrapWiki\data\rag_chunks\greydwarf_shaman.json: the input length exceeds the context length (status code: 500)
2026-02-25 09:47:06,120 - ERROR - Erro no embedding de C:\Users\PC\source\person_repos\scrapWiki\data\rag_chunks\hare_rug.json: the input length exceeds the context length (status code: 500)
2026-02-25 09:47:15,904 - ERROR - Erro no embedding de C:\Users\PC\source\person_repos\scrapWiki\data\rag_chunks\hildir.json: the input length exceeds the context length (status code: 500)
2026-02-25 09:47:54,895 - ERROR - Erro no embedding de C:\Users\PC\source\person_repos\scrapWiki\data\rag_chunks\knockback.json: the input length exceeds the context length (status code: 500)
2026-02-25 09:48:10,234 - ERROR - Erro no embedding de C:\Users\PC\source\person_repos\scrapWiki\data\rag_chunks\loot_chest#infested_mine_treasure_chest.json: the input length exceeds the context length (status code: 500)
2026-02-25 09:48:15,459 - ERROR - Erro no embedding de C:\Users\PC\source\person_repos\scrapWiki\data\rag_chunks\lox_rug.json: the input length exceeds the context length (status code: 500)
2026-02-25 09:48:49,666 - ERROR - Erro no embedding de C:\Users\PC\source\person_repos\scrapWiki\data\rag_chunks\mountain_chest.json: the input length exceeds the context length (status code: 500)
2026-02-25 09:48:52,091 - ERROR - Erro no embedding de C:\Users\PC\source\person_repos\scrapWiki\data\rag_chunks\movement_speed.json: the input length exceeds the context length (status code: 500)
2026-02-25 09:49:07,460 - ERROR - Erro no embedding de C:\Users\PC\source\person_repos\scrapWiki\data\rag_chunks\npcs.json: the input length exceeds the context length (status code: 500)
2026-02-25 09:49:29,003 - ERROR - Erro no embedding de C:\Users\PC\source\person_repos\scrapWiki\data\rag_chunks\pierce.json: the input length exceeds the context length (status code: 500)
2026-02-25 09:49:31,571 - ERROR - Erro no embedding de C:\Users\PC\source\person_repos\scrapWiki\data\rag_chunks\plains_chest.json: the input length exceeds the context length (status code: 500)
2026-02-25 09:49:34,847 - ERROR - Erro no embedding de C:\Users\PC\source\person_repos\scrapWiki\data\rag_chunks\point_of_interest.json: the input length exceeds the context length (status code: 500)
2026-02-25 09:49:50,717 - ERROR - Erro no embedding de C:\Users\PC\source\person_repos\scrapWiki\data\rag_chunks\red_jute_carpet.json: the input length exceeds the context length (status code: 500)
2026-02-25 09:50:04,268 - ERROR - Erro no embedding de C:\Users\PC\source\person_repos\scrapWiki\data\rag_chunks\rugs.json: the input length exceeds the context length (status code: 500)
2026-02-25 09:50:17,907 - ERROR - Erro no embedding de C:\Users\PC\source\person_repos\scrapWiki\data\rag_chunks\seeker_soldier.json: the input length exceeds the context length (status code: 500)
2026-02-25 09:50:40,139 - ERROR - Erro no embedding de C:\Users\PC\source\person_repos\scrapWiki\data\rag_chunks\skills.json: the input length exceeds the context length (status code: 500)
2026-02-25 09:50:46,073 - ERROR - Erro no embedding de C:\Users\PC\source\person_repos\scrapWiki\data\rag_chunks\slash.json: the input length exceeds the context length (status code: 500)
2026-02-25 09:50:47,244 - ERROR - Erro no embedding de C:\Users\PC\source\person_repos\scrapWiki\data\rag_chunks\sledgehammers.json: the input length exceeds the context length (status code: 500)
2026-02-25 09:50:56,520 - ERROR - Erro no embedding de C:\Users\PC\source\person_repos\scrapWiki\data\rag_chunks\spawn_points.json: the input length exceeds the context length (status code: 500)
2026-02-25 09:50:58,851 - ERROR - Erro no embedding de C:\Users\PC\source\person_repos\scrapWiki\data\rag_chunks\spawn_zones.json: the input length exceeds the context length (status code: 500)
2026-02-25 09:51:04,974 - ERROR - Erro no embedding de C:\Users\PC\source\person_repos\scrapWiki\data\rag_chunks\spirit.json: the input length exceeds the context length (status code: 500)
2026-02-25 09:51:13,121 - ERROR - Erro no embedding de C:\Users\PC\source\person_repos\scrapWiki\data\rag_chunks\stagger.json: the input length exceeds the context length (status code: 500)
2026-02-25 09:51:30,135 - ERROR - Erro no embedding de C:\Users\PC\source\person_repos\scrapWiki\data\rag_chunks\straw.json: the input length exceeds the context length (status code: 500)
2026-02-25 09:52:01,663 - ERROR - Erro no embedding de C:\Users\PC\source\person_repos\scrapWiki\data\rag_chunks\trees.json: the input length exceeds the context length (status code: 500)
2026-02-25 09:52:38,646 - ERROR - Erro no embedding de C:\Users\PC\source\person_repos\scrapWiki\data\rag_chunks\weapons.json: the input length exceeds the context length (status code: 500)
2026-02-25 09:52:40,566 - ERROR - Erro no embedding de C:\Users\PC\source\person_repos\scrapWiki\data\rag_chunks\weather.json: the input length exceeds the context length (status code: 500)
2026-02-25 09:52:54,810 - ERROR - Erro no embedding de C:\Users\PC\source\person_repos\scrapWiki\data\rag_chunks\wolf_rug.json: the input length exceeds the context length (status code: 500)
2026-02-25 09:52:59,362 - ERROR - Erro no embedding de C:\Users\PC\source\person_repos\scrapWiki\data\rag_chunks\wood_floor_1x1.json: the input length exceeds the context length (status code: 500)
2026-02-25 09:53:00,484 - ERROR - Erro no embedding de C:\Users\PC\source\person_repos\scrapWiki\data\rag_chunks\wood_pole_1m.json: the input length exceeds the context length (status code: 500)
2026-02-25 09:53:01,283 - ERROR - Erro no embedding de C:\Users\PC\source\person_repos\scrapWiki\data\rag_chunks\wood_pole_2m.json: the input length exceeds the context length (status code: 500)
2026-02-25 09:53:02,405 - ERROR - Erro no embedding de C:\Users\PC\source\person_repos\scrapWiki\data\rag_chunks\wood_structures.json: the input length exceeds the context length (status code: 500)
2026-02-25 09:53:03,542 - ERROR - Erro no embedding de C:\Users\PC\source\person_repos\scrapWiki\data\rag_chunks\wood_wall.json: the input length exceeds the context length (status code: 500)
2026-02-25 09:53:04,298 - ERROR - Erro no embedding de C:\Users\PC\source\person_repos\scrapWiki\data\rag_chunks\wood_wall_half.json: the input length exceeds the context length (status code: 500)
2026-02-25 10:59:38,986 - ERROR - Erro no embedding de C:\Users\PC\source\person_repos\scrapWiki\data\rag_chunks\armor.json: the input length exceeds the context length (status code: 500)
2026-02-25 10:59:46,238 - ERROR - Erro no embedding de C:\Users\PC\source\person_repos\scrapWiki\data\rag_chunks\ashwood_bench.json: the input length exceeds the context length (status code: 500)
2026-02-25 10:59:51,495 - ERROR - Erro no embedding de C:\Users\PC\source\person_repos\scrapWiki\data\rag_chunks\asksvin_rug.json: the input length exceeds the context length (status code: 500)
2026-02-25 11:00:06,679 - ERROR - Erro no embedding de C:\Users\PC\source\person_repos\scrapWiki\data\rag_chunks\bearskin_rug.json: the input length exceeds the context length (status code: 500)
2026-02-25 11:00:12,232 - ERROR - Erro no embedding de C:\Users\PC\source\person_repos\scrapWiki\data\rag_chunks\bench.json: the input length exceeds the context length (status code: 500)
2026-02-25 11:00:15,929 - ERROR - Erro no embedding de C:\Users\PC\source\person_repos\scrapWiki\data\rag_chunks\birch.json: the input length exceeds the context length (status code: 500)
2026-02-25 11:00:20,912 - ERROR - Erro no embedding de C:\Users\PC\source\person_repos\scrapWiki\data\rag_chunks\black_marble_bench.json: the input length exceeds the context length (status code: 500)
2026-02-25 11:00:22,557 - ERROR - Erro no embedding de C:\Users\PC\source\person_repos\scrapWiki\data\rag_chunks\black_marble_throne.json: the input length exceeds the context length (status code: 500)
2026-02-25 11:00:40,677 - ERROR - Erro no embedding de C:\Users\PC\source\person_repos\scrapWiki\data\rag_chunks\blue_jute_carpet.json: the input length exceeds the context length (status code: 500)
2026-02-25 11:00:47,230 - ERROR - Erro no embedding de C:\Users\PC\source\person_repos\scrapWiki\data\rag_chunks\blunt.json: the input length exceeds the context length (status code: 500)
2026-02-25 11:01:00,191 - ERROR - Erro no embedding de C:\Users\PC\source\person_repos\scrapWiki\data\rag_chunks\bone_throne.json: the input length exceeds the context length (status code: 500)
2026-02-25 11:01:03,502 - ERROR - Erro no embedding de C:\Users\PC\source\person_repos\scrapWiki\data\rag_chunks\boss.json: the input length exceeds the context length (status code: 500)
2026-02-25 11:01:05,767 - ERROR - Erro no embedding de C:\Users\PC\source\person_repos\scrapWiki\data\rag_chunks\bosses.json: the input length exceeds the context length (status code: 500)
2026-02-25 11:01:06,062 - ERROR - Erro no embedding de C:\Users\PC\source\person_repos\scrapWiki\data\rag_chunks\bows.json: the input length exceeds the context length (status code: 500)
2026-02-25 11:01:40,986 - ERROR - Erro no embedding de C:\Users\PC\source\person_repos\scrapWiki\data\rag_chunks\chair.json: the input length exceeds the context length (status code: 500)
2026-02-25 11:01:42,038 - ERROR - Erro no embedding de C:\Users\PC\source\person_repos\scrapWiki\data\rag_chunks\chairs.json: the input length exceeds the context length (status code: 500)
2026-02-25 11:01:57,772 - ERROR - Erro no embedding de C:\Users\PC\source\person_repos\scrapWiki\data\rag_chunks\chop.json: the input length exceeds the context length (status code: 500)
2026-02-25 11:01:59,364 - ERROR - Erro no embedding de C:\Users\PC\source\person_repos\scrapWiki\data\rag_chunks\clubs.json: the input length exceeds the context length (status code: 500)
2026-02-25 11:02:18,499 - ERROR - Erro no embedding de C:\Users\PC\source\person_repos\scrapWiki\data\rag_chunks\crafting.json: the input length exceeds the context length (status code: 500)
2026-02-25 11:02:22,957 - ERROR - Erro no embedding de C:\Users\PC\source\person_repos\scrapWiki\data\rag_chunks\creatures.json: the input length exceeds the context length (status code: 500)
2026-02-25 11:02:31,497 - ERROR - Erro no embedding de C:\Users\PC\source\person_repos\scrapWiki\data\rag_chunks\cultivator.json: the input length exceeds the context length (status code: 500)
2026-02-25 11:02:36,925 - ERROR - Erro no embedding de C:\Users\PC\source\person_repos\scrapWiki\data\rag_chunks\damage#blunt.json: the input length exceeds the context length (status code: 500)
2026-02-25 11:02:40,981 - ERROR - Erro no embedding de C:\Users\PC\source\person_repos\scrapWiki\data\rag_chunks\damage#chop.json: the input length exceeds the context length (status code: 500)
2026-02-25 11:02:45,667 - ERROR - Erro no embedding de C:\Users\PC\source\person_repos\scrapWiki\data\rag_chunks\damage#fire.json: the input length exceeds the context length (status code: 500)
2026-02-25 11:02:49,993 - ERROR - Erro no embedding de C:\Users\PC\source\person_repos\scrapWiki\data\rag_chunks\damage#frost.json: the input length exceeds the context length (status code: 500)
2026-02-25 11:02:54,545 - ERROR - Erro no embedding de C:\Users\PC\source\person_repos\scrapWiki\data\rag_chunks\damage#lightning.json: the input length exceeds the context length (status code: 500)
2026-02-25 11:02:59,099 - ERROR - Erro no embedding de C:\Users\PC\source\person_repos\scrapWiki\data\rag_chunks\damage#pickaxe.json: the input length exceeds the context length (status code: 500)
2026-02-25 11:03:03,646 - ERROR - Erro no embedding de C:\Users\PC\source\person_repos\scrapWiki\data\rag_chunks\damage#pierce.json: the input length exceeds the context length (status code: 500)
2026-02-25 11:03:08,025 - ERROR - Erro no embedding de C:\Users\PC\source\person_repos\scrapWiki\data\rag_chunks\damage#poison.json: the input length exceeds the context length (status code: 500)
2026-02-25 11:03:12,466 - ERROR - Erro no embedding de C:\Users\PC\source\person_repos\scrapWiki\data\rag_chunks\damage#slash.json: the input length exceeds the context length (status code: 500)
2026-02-25 11:03:17,191 - ERROR - Erro no embedding de C:\Users\PC\source\person_repos\scrapWiki\data\rag_chunks\damage#spirit.json: the input length exceeds the context length (status code: 500)
2026-02-25 11:03:21,816 - ERROR - Erro no embedding de C:\Users\PC\source\person_repos\scrapWiki\data\rag_chunks\damage#weak_points.json: the input length exceeds the context length (status code: 500)
2026-02-25 11:03:26,621 - ERROR - Erro no embedding de C:\Users\PC\source\person_repos\scrapWiki\data\rag_chunks\damage.json: the input length exceeds the context length (status code: 500)
2026-02-25 11:03:26,989 - ERROR - Erro no embedding de C:\Users\PC\source\person_repos\scrapWiki\data\rag_chunks\damage_and_blocking_mechanics#armor.json: the input length exceeds the context length (status code: 500)
2026-02-25 11:03:27,354 - ERROR - Erro no embedding de C:\Users\PC\source\person_repos\scrapWiki\data\rag_chunks\damage_and_blocking_mechanics.json: the input length exceeds the context length (status code: 500)
2026-02-25 11:03:27,706 - ERROR - Erro no embedding de C:\Users\PC\source\person_repos\scrapWiki\data\rag_chunks\damage_mechanics#dodging.json: the input length exceeds the context length (status code: 500)
2026-02-25 11:03:27,980 - ERROR - Erro no embedding de C:\Users\PC\source\person_repos\scrapWiki\data\rag_chunks\damage_mechanics.json: the input length exceeds the context length (status code: 500)
2026-02-25 11:03:32,176 - ERROR - Erro no embedding de C:\Users\PC\source\person_repos\scrapWiki\data\rag_chunks\damage_types#blunt.json: the input length exceeds the context length (status code: 500)
2026-02-25 11:03:36,628 - ERROR - Erro no embedding de C:\Users\PC\source\person_repos\scrapWiki\data\rag_chunks\damage_types#chop.json: the input length exceeds the context length (status code: 500)
2026-02-25 11:03:40,552 - ERROR - Erro no embedding de C:\Users\PC\source\person_repos\scrapWiki\data\rag_chunks\damage_types#fire.json: the input length exceeds the context length (status code: 500)
2026-02-25 11:03:44,403 - ERROR - Erro no embedding de C:\Users\PC\source\person_repos\scrapWiki\data\rag_chunks\damage_types#frost.json: the input length exceeds the context length (status code: 500)
2026-02-25 11:03:48,553 - ERROR - Erro no embedding de C:\Users\PC\source\person_repos\scrapWiki\data\rag_chunks\damage_types#lightning.json: the input length exceeds the context length (status code: 500)
2026-02-25 11:03:53,143 - ERROR - Erro no embedding de C:\Users\PC\source\person_repos\scrapWiki\data\rag_chunks\damage_types#pickaxe.json: the input length exceeds the context length (status code: 500)
2026-02-25 11:03:57,504 - ERROR - Erro no embedding de C:\Users\PC\source\person_repos\scrapWiki\data\rag_chunks\damage_types#pierce.json: the input length exceeds the context length (status code: 500)
2026-02-25 11:04:02,085 - ERROR - Erro no embedding de C:\Users\PC\source\person_repos\scrapWiki\data\rag_chunks\damage_types#poison.json: the input length exceeds the context length (status code: 500)
2026-02-25 11:04:06,622 - ERROR - Erro no embedding de C:\Users\PC\source\person_repos\scrapWiki\data\rag_chunks\damage_types#slash.json: the input length exceeds the context length (status code: 500)
2026-02-25 11:04:10,854 - ERROR - Erro no embedding de C:\Users\PC\source\person_repos\scrapWiki\data\rag_chunks\damage_types#spirit.json: the input length exceeds the context length (status code: 500)
2026-02-25 11:04:15,118 - ERROR - Erro no embedding de C:\Users\PC\source\person_repos\scrapWiki\data\rag_chunks\damage_types#staggering.json: the input length exceeds the context length (status code: 500)
2026-02-25 11:04:19,345 - ERROR - Erro no embedding de C:\Users\PC\source\person_repos\scrapWiki\data\rag_chunks\damage_types.json: the input length exceeds the context length (status code: 500)
2026-02-25 11:04:20,929 - ERROR - Erro no embedding de C:\Users\PC\source\person_repos\scrapWiki\data\rag_chunks\darkwood_chair.json: the input length exceeds the context length (status code: 500)
2026-02-25 11:04:26,677 - ERROR - Erro no embedding de C:\Users\PC\source\person_repos\scrapWiki\data\rag_chunks\deer_rug.json: the input length exceeds the context length (status code: 500)
2026-02-25 11:04:39,396 - ERROR - Erro no embedding de C:\Users\PC\source\person_repos\scrapWiki\data\rag_chunks\draugr.json: the input length exceeds the context length (status code: 500)
2026-02-25 11:05:17,064 - ERROR - Erro no embedding de C:\Users\PC\source\person_repos\scrapWiki\data\rag_chunks\events.json: the input length exceeds the context length (status code: 500)
2026-02-25 11:05:40,827 - ERROR - Erro no embedding de C:\Users\PC\source\person_repos\scrapWiki\data\rag_chunks\fire.json: the input length exceeds the context length (status code: 500)
2026-02-25 11:05:45,009 - ERROR - Erro no embedding de C:\Users\PC\source\person_repos\scrapWiki\data\rag_chunks\fish.json: the input length exceeds the context length (status code: 500)
2026-02-25 11:06:04,994 - ERROR - Erro no embedding de C:\Users\PC\source\person_repos\scrapWiki\data\rag_chunks\food.json: the input length exceeds the context length (status code: 500)
2026-02-25 11:06:13,443 - ERROR - Erro no embedding de C:\Users\PC\source\person_repos\scrapWiki\data\rag_chunks\frost.json: the input length exceeds the context length (status code: 500)
2026-02-25 11:06:35,328 - ERROR - Erro no embedding de C:\Users\PC\source\person_repos\scrapWiki\data\rag_chunks\greydwarf_brute.json: the input length exceeds the context length (status code: 500)
2026-02-25 11:06:37,068 - ERROR - Erro no embedding de C:\Users\PC\source\person_repos\scrapWiki\data\rag_chunks\greydwarf_shaman.json: the input length exceeds the context length (status code: 500)
2026-02-25 11:06:46,884 - ERROR - Erro no embedding de C:\Users\PC\source\person_repos\scrapWiki\data\rag_chunks\hare_rug.json: the input length exceeds the context length (status code: 500)
2026-02-25 11:06:56,496 - ERROR - Erro no embedding de C:\Users\PC\source\person_repos\scrapWiki\data\rag_chunks\hildir.json: the input length exceeds the context length (status code: 500)
2026-02-25 11:07:35,448 - ERROR - Erro no embedding de C:\Users\PC\source\person_repos\scrapWiki\data\rag_chunks\knockback.json: the input length exceeds the context length (status code: 500)
2026-02-25 11:07:49,516 - ERROR - Erro no embedding de C:\Users\PC\source\person_repos\scrapWiki\data\rag_chunks\loot_chest#infested_mine_treasure_chest.json: the input length exceeds the context length (status code: 500)
2026-02-25 11:07:54,372 - ERROR - Erro no embedding de C:\Users\PC\source\person_repos\scrapWiki\data\rag_chunks\lox_rug.json: the input length exceeds the context length (status code: 500)
2026-02-25 11:08:22,451 - ERROR - Erro no embedding de C:\Users\PC\source\person_repos\scrapWiki\data\rag_chunks\mountain_chest.json: the input length exceeds the context length (status code: 500)
2026-02-25 11:08:24,621 - ERROR - Erro no embedding de C:\Users\PC\source\person_repos\scrapWiki\data\rag_chunks\movement_speed.json: the input length exceeds the context length (status code: 500)
2026-02-25 11:08:38,047 - ERROR - Erro no embedding de C:\Users\PC\source\person_repos\scrapWiki\data\rag_chunks\npcs.json: the input length exceeds the context length (status code: 500)
2026-02-25 11:08:58,552 - ERROR - Erro no embedding de C:\Users\PC\source\person_repos\scrapWiki\data\rag_chunks\pierce.json: the input length exceeds the context length (status code: 500)
2026-02-25 11:09:00,890 - ERROR - Erro no embedding de C:\Users\PC\source\person_repos\scrapWiki\data\rag_chunks\plains_chest.json: the input length exceeds the context length (status code: 500)
2026-02-25 11:09:04,235 - ERROR - Erro no embedding de C:\Users\PC\source\person_repos\scrapWiki\data\rag_chunks\point_of_interest.json: the input length exceeds the context length (status code: 500)
2026-02-25 11:09:17,157 - ERROR - Erro no embedding de C:\Users\PC\source\person_repos\scrapWiki\data\rag_chunks\raven_throne.json: the input length exceeds the context length (status code: 500)
2026-02-25 11:09:19,243 - ERROR - Erro no embedding de C:\Users\PC\source\person_repos\scrapWiki\data\rag_chunks\red_jute_carpet.json: the input length exceeds the context length (status code: 500)
2026-02-25 11:09:34,630 - ERROR - Erro no embedding de C:\Users\PC\source\person_repos\scrapWiki\data\rag_chunks\rugs.json: the input length exceeds the context length (status code: 500)
2026-02-25 11:09:48,790 - ERROR - Erro no embedding de C:\Users\PC\source\person_repos\scrapWiki\data\rag_chunks\seeker_soldier.json: the input length exceeds the context length (status code: 500)
2026-02-25 11:10:07,640 - ERROR - Erro no embedding de C:\Users\PC\source\person_repos\scrapWiki\data\rag_chunks\sitting_log.json: the input length exceeds the context length (status code: 500)
2026-02-25 11:10:10,536 - ERROR - Erro no embedding de C:\Users\PC\source\person_repos\scrapWiki\data\rag_chunks\skills.json: the input length exceeds the context length (status code: 500)
2026-02-25 11:10:15,481 - ERROR - Erro no embedding de C:\Users\PC\source\person_repos\scrapWiki\data\rag_chunks\slash.json: the input length exceeds the context length (status code: 500)
2026-02-25 11:10:16,540 - ERROR - Erro no embedding de C:\Users\PC\source\person_repos\scrapWiki\data\rag_chunks\sledgehammers.json: the input length exceeds the context length (status code: 500)
2026-02-25 11:10:25,212 - ERROR - Erro no embedding de C:\Users\PC\source\person_repos\scrapWiki\data\rag_chunks\spawn_points.json: the input length exceeds the context length (status code: 500)
2026-02-25 11:10:26,036 - ERROR - Erro no embedding de C:\Users\PC\source\person_repos\scrapWiki\data\rag_chunks\spawn_zones.json: the input length exceeds the context length (status code: 500)
2026-02-25 11:10:30,876 - ERROR - Erro no embedding de C:\Users\PC\source\person_repos\scrapWiki\data\rag_chunks\spirit.json: the input length exceeds the context length (status code: 500)
2026-02-25 11:10:37,117 - ERROR - Erro no embedding de C:\Users\PC\source\person_repos\scrapWiki\data\rag_chunks\stagger.json: the input length exceeds the context length (status code: 500)
2026-02-25 11:10:48,240 - ERROR - Erro no embedding de C:\Users\PC\source\person_repos\scrapWiki\data\rag_chunks\stone_throne.json: the input length exceeds the context length (status code: 500)
2026-02-25 11:10:50,533 - ERROR - Erro no embedding de C:\Users\PC\source\person_repos\scrapWiki\data\rag_chunks\stool.json: the input length exceeds the context length (status code: 500)
2026-02-25 11:10:52,017 - ERROR - Erro no embedding de C:\Users\PC\source\person_repos\scrapWiki\data\rag_chunks\straw.json: the input length exceeds the context length (status code: 500)
2026-02-25 11:11:22,946 - ERROR - Erro no embedding de C:\Users\PC\source\person_repos\scrapWiki\data\rag_chunks\trees.json: the input length exceeds the context length (status code: 500)
2026-02-25 11:11:24,231 - ERROR - Erro no embedding de C:\Users\PC\source\person_repos\scrapWiki\data\rag_chunks\troll.json: the input length exceeds the context length (status code: 500)
2026-02-25 11:11:56,184 - ERROR - Erro no embedding de C:\Users\PC\source\person_repos\scrapWiki\data\rag_chunks\weapons.json: the input length exceeds the context length (status code: 500)
2026-02-25 11:11:57,649 - ERROR - Erro no embedding de C:\Users\PC\source\person_repos\scrapWiki\data\rag_chunks\weather.json: the input length exceeds the context length (status code: 500)
2026-02-25 11:12:10,992 - ERROR - Erro no embedding de C:\Users\PC\source\person_repos\scrapWiki\data\rag_chunks\wolf_rug.json: the input length exceeds the context length (status code: 500)
2026-02-25 11:12:15,793 - ERROR - Erro no embedding de C:\Users\PC\source\person_repos\scrapWiki\data\rag_chunks\wood_floor_1x1.json: the input length exceeds the context length (status code: 500)
2026-02-25 11:12:16,507 - ERROR - Erro no embedding de C:\Users\PC\source\person_repos\scrapWiki\data\rag_chunks\wood_pole_1m.json: the input length exceeds the context length (status code: 500)
2026-02-25 11:12:16,837 - ERROR - Erro no embedding de C:\Users\PC\source\person_repos\scrapWiki\data\rag_chunks\wood_pole_2m.json: the input length exceeds the context length (status code: 500)
2026-02-25 11:12:17,698 - ERROR - Erro no embedding de C:\Users\PC\source\person_repos\scrapWiki\data\rag_chunks\wood_structures.json: the input length exceeds the context length (status code: 500)
2026-02-25 11:12:18,569 - ERROR - Erro no embedding de C:\Users\PC\source\person_repos\scrapWiki\data\rag_chunks\wood_wall.json: the input length exceeds the context length (status code: 500)
2026-02-25 11:12:18,901 - ERROR - Erro no embedding de C:\Users\PC\source\person_repos\scrapWiki\data\rag_chunks\wood_wall_half.json: the input length exceeds the context length (status code: 500)
2026-02-25 11:22:39,577 - ERROR - Erro no embedding de C:\Users\PC\source\person_repos\scrapWiki\data\rag_chunks\armor.json: the input length exceeds the context length (status code: 500)
2026-02-25 11:54:01,540 - ERROR - Erro no embedding de C:\Users\PC\source\person_repos\scrapWiki\data\rag_chunks\armor.json: the input length exceeds the context length (status code: 500)
2026-02-25 11:54:08,937 - ERROR - Erro no embedding de C:\Users\PC\source\person_repos\scrapWiki\data\rag_chunks\ashwood_bench.json: the input length exceeds the context length (status code: 500)
2026-02-25 11:54:14,083 - ERROR - Erro no embedding de C:\Users\PC\source\person_repos\scrapWiki\data\rag_chunks\asksvin_rug.json: the input length exceeds the context length (status code: 500)
2026-02-25 11:54:29,541 - ERROR - Erro no embedding de C:\Users\PC\source\person_repos\scrapWiki\data\rag_chunks\bearskin_rug.json: the input length exceeds the context length (status code: 500)
2026-02-25 11:54:34,909 - ERROR - Erro no embedding de C:\Users\PC\source\person_repos\scrapWiki\data\rag_chunks\bench.json: the input length exceeds the context length (status code: 500)
2026-02-25 11:54:38,866 - ERROR - Erro no embedding de C:\Users\PC\source\person_repos\scrapWiki\data\rag_chunks\birch.json: the input length exceeds the context length (status code: 500)
2026-02-25 11:54:43,423 - ERROR - Erro no embedding de C:\Users\PC\source\person_repos\scrapWiki\data\rag_chunks\black_marble_bench.json: the input length exceeds the context length (status code: 500)
2026-02-25 11:54:44,756 - ERROR - Erro no embedding de C:\Users\PC\source\person_repos\scrapWiki\data\rag_chunks\black_marble_throne.json: the input length exceeds the context length (status code: 500)
2026-02-25 11:54:59,871 - ERROR - Erro no embedding de C:\Users\PC\source\person_repos\scrapWiki\data\rag_chunks\blue_jute_carpet.json: the input length exceeds the context length (status code: 500)
2026-02-25 11:55:05,191 - ERROR - Erro no embedding de C:\Users\PC\source\person_repos\scrapWiki\data\rag_chunks\blunt.json: the input length exceeds the context length (status code: 500)
2026-02-25 11:55:15,306 - ERROR - Erro no embedding de C:\Users\PC\source\person_repos\scrapWiki\data\rag_chunks\bone_throne.json: the input length exceeds the context length (status code: 500)
2026-02-25 11:55:17,694 - ERROR - Erro no embedding de C:\Users\PC\source\person_repos\scrapWiki\data\rag_chunks\boss.json: the input length exceeds the context length (status code: 500)
2026-02-25 11:55:19,565 - ERROR - Erro no embedding de C:\Users\PC\source\person_repos\scrapWiki\data\rag_chunks\bosses.json: the input length exceeds the context length (status code: 500)
2026-02-25 11:55:19,807 - ERROR - Erro no embedding de C:\Users\PC\source\person_repos\scrapWiki\data\rag_chunks\bows.json: the input length exceeds the context length (status code: 500)
2026-02-25 11:55:50,965 - ERROR - Erro no embedding de C:\Users\PC\source\person_repos\scrapWiki\data\rag_chunks\chair.json: the input length exceeds the context length (status code: 500)
2026-02-25 11:55:51,942 - ERROR - Erro no embedding de C:\Users\PC\source\person_repos\scrapWiki\data\rag_chunks\chairs.json: the input length exceeds the context length (status code: 500)
2026-02-25 11:56:05,228 - ERROR - Erro no embedding de C:\Users\PC\source\person_repos\scrapWiki\data\rag_chunks\chop.json: the input length exceeds the context length (status code: 500)
2026-02-25 11:56:06,699 - ERROR - Erro no embedding de C:\Users\PC\source\person_repos\scrapWiki\data\rag_chunks\clubs.json: the input length exceeds the context length (status code: 500)
2026-02-25 11:56:24,059 - ERROR - Erro no embedding de C:\Users\PC\source\person_repos\scrapWiki\data\rag_chunks\crafting.json: the input length exceeds the context length (status code: 500)
2026-02-25 11:56:28,009 - ERROR - Erro no embedding de C:\Users\PC\source\person_repos\scrapWiki\data\rag_chunks\creatures.json: the input length exceeds the context length (status code: 500)
2026-02-25 11:56:35,375 - ERROR - Erro no embedding de C:\Users\PC\source\person_repos\scrapWiki\data\rag_chunks\cultivator.json: the input length exceeds the context length (status code: 500)
2026-02-25 11:56:40,557 - ERROR - Erro no embedding de C:\Users\PC\source\person_repos\scrapWiki\data\rag_chunks\damage#blunt.json: the input length exceeds the context length (status code: 500)
2026-02-25 11:56:44,487 - ERROR - Erro no embedding de C:\Users\PC\source\person_repos\scrapWiki\data\rag_chunks\damage#chop.json: the input length exceeds the context length (status code: 500)
2026-02-25 11:56:48,714 - ERROR - Erro no embedding de C:\Users\PC\source\person_repos\scrapWiki\data\rag_chunks\damage#fire.json: the input length exceeds the context length (status code: 500)
2026-02-25 11:56:52,777 - ERROR - Erro no embedding de C:\Users\PC\source\person_repos\scrapWiki\data\rag_chunks\damage#frost.json: the input length exceeds the context length (status code: 500)
2026-02-25 11:56:56,721 - ERROR - Erro no embedding de C:\Users\PC\source\person_repos\scrapWiki\data\rag_chunks\damage#lightning.json: the input length exceeds the context length (status code: 500)
2026-02-25 11:57:00,643 - ERROR - Erro no embedding de C:\Users\PC\source\person_repos\scrapWiki\data\rag_chunks\damage#pickaxe.json: the input length exceeds the context length (status code: 500)
2026-02-25 11:57:04,699 - ERROR - Erro no embedding de C:\Users\PC\source\person_repos\scrapWiki\data\rag_chunks\damage#pierce.json: the input length exceeds the context length (status code: 500)
2026-02-25 11:57:08,739 - ERROR - Erro no embedding de C:\Users\PC\source\person_repos\scrapWiki\data\rag_chunks\damage#poison.json: the input length exceeds the context length (status code: 500)
2026-02-25 11:57:12,721 - ERROR - Erro no embedding de C:\Users\PC\source\person_repos\scrapWiki\data\rag_chunks\damage#slash.json: the input length exceeds the context length (status code: 500)
2026-02-25 11:57:16,885 - ERROR - Erro no embedding de C:\Users\PC\source\person_repos\scrapWiki\data\rag_chunks\damage#spirit.json: the input length exceeds the context length (status code: 500)
2026-02-25 11:57:20,930 - ERROR - Erro no embedding de C:\Users\PC\source\person_repos\scrapWiki\data\rag_chunks\damage#weak_points.json: the input length exceeds the context length (status code: 500)
2026-02-25 11:57:24,900 - ERROR - Erro no embedding de C:\Users\PC\source\person_repos\scrapWiki\data\rag_chunks\damage.json: the input length exceeds the context length (status code: 500)
2026-02-25 11:57:25,202 - ERROR - Erro no embedding de C:\Users\PC\source\person_repos\scrapWiki\data\rag_chunks\damage_and_blocking_mechanics#armor.json: the input length exceeds the context length (status code: 500)
2026-02-25 11:57:25,485 - ERROR - Erro no embedding de C:\Users\PC\source\person_repos\scrapWiki\data\rag_chunks\damage_and_blocking_mechanics.json: the input length exceeds the context length (status code: 500)
2026-02-25 11:57:25,714 - ERROR - Erro no embedding de C:\Users\PC\source\person_repos\scrapWiki\data\rag_chunks\damage_mechanics#dodging.json: the input length exceeds the context length (status code: 500)
2026-02-25 11:57:25,932 - ERROR - Erro no embedding de C:\Users\PC\source\person_repos\scrapWiki\data\rag_chunks\damage_mechanics.json: the input length exceeds the context length (status code: 500)
2026-02-25 11:57:29,846 - ERROR - Erro no embedding de C:\Users\PC\source\person_repos\scrapWiki\data\rag_chunks\damage_types#blunt.json: the input length exceeds the context length (status code: 500)
2026-02-25 11:57:33,933 - ERROR - Erro no embedding de C:\Users\PC\source\person_repos\scrapWiki\data\rag_chunks\damage_types#chop.json: the input length exceeds the context length (status code: 500)
2026-02-25 11:57:37,856 - ERROR - Erro no embedding de C:\Users\PC\source\person_repos\scrapWiki\data\rag_chunks\damage_types#fire.json: the input length exceeds the context length (status code: 500)
2026-02-25 11:57:42,077 - ERROR - Erro no embedding de C:\Users\PC\source\person_repos\scrapWiki\data\rag_chunks\damage_types#frost.json: the input length exceeds the context length (status code: 500)
2026-02-25 11:57:46,112 - ERROR - Erro no embedding de C:\Users\PC\source\person_repos\scrapWiki\data\rag_chunks\damage_types#lightning.json: the input length exceeds the context length (status code: 500)
2026-02-25 11:57:50,120 - ERROR - Erro no embedding de C:\Users\PC\source\person_repos\scrapWiki\data\rag_chunks\damage_types#pickaxe.json: the input length exceeds the context length (status code: 500)
2026-02-25 11:57:54,159 - ERROR - Erro no embedding de C:\Users\PC\source\person_repos\scrapWiki\data\rag_chunks\damage_types#pierce.json: the input length exceeds the context length (status code: 500)
2026-02-25 11:57:57,966 - ERROR - Erro no embedding de C:\Users\PC\source\person_repos\scrapWiki\data\rag_chunks\damage_types#poison.json: the input length exceeds the context length (status code: 500)
2026-02-25 11:58:01,664 - ERROR - Erro no embedding de C:\Users\PC\source\person_repos\scrapWiki\data\rag_chunks\damage_types#slash.json: the input length exceeds the context length (status code: 500)
2026-02-25 11:58:05,715 - ERROR - Erro no embedding de C:\Users\PC\source\person_repos\scrapWiki\data\rag_chunks\damage_types#spirit.json: the input length exceeds the context length (status code: 500)
2026-02-25 11:58:09,901 - ERROR - Erro no embedding de C:\Users\PC\source\person_repos\scrapWiki\data\rag_chunks\damage_types#staggering.json: the input length exceeds the context length (status code: 500)
2026-02-25 11:58:13,871 - ERROR - Erro no embedding de C:\Users\PC\source\person_repos\scrapWiki\data\rag_chunks\damage_types.json: the input length exceeds the context length (status code: 500)
2026-02-25 11:58:15,315 - ERROR - Erro no embedding de C:\Users\PC\source\person_repos\scrapWiki\data\rag_chunks\darkwood_chair.json: the input length exceeds the context length (status code: 500)
2026-02-25 11:58:20,593 - ERROR - Erro no embedding de C:\Users\PC\source\person_repos\scrapWiki\data\rag_chunks\deer_rug.json: the input length exceeds the context length (status code: 500)
2026-02-25 11:58:33,403 - ERROR - Erro no embedding de C:\Users\PC\source\person_repos\scrapWiki\data\rag_chunks\draugr.json: the input length exceeds the context length (status code: 500)
2026-02-25 11:59:10,319 - ERROR - Erro no embedding de C:\Users\PC\source\person_repos\scrapWiki\data\rag_chunks\events.json: the input length exceeds the context length (status code: 500)
2026-02-25 11:59:33,757 - ERROR - Erro no embedding de C:\Users\PC\source\person_repos\scrapWiki\data\rag_chunks\fire.json: the input length exceeds the context length (status code: 500)
2026-02-25 11:59:37,730 - ERROR - Erro no embedding de C:\Users\PC\source\person_repos\scrapWiki\data\rag_chunks\fish.json: the input length exceeds the context length (status code: 500)
2026-02-25 11:59:55,960 - ERROR - Erro no embedding de C:\Users\PC\source\person_repos\scrapWiki\data\rag_chunks\food.json: the input length exceeds the context length (status code: 500)
2026-02-25 12:00:03,924 - ERROR - Erro no embedding de C:\Users\PC\source\person_repos\scrapWiki\data\rag_chunks\frost.json: the input length exceeds the context length (status code: 500)
2026-02-25 12:00:22,999 - ERROR - Erro no embedding de C:\Users\PC\source\person_repos\scrapWiki\data\rag_chunks\greydwarf_brute.json: the input length exceeds the context length (status code: 500)
2026-02-25 12:00:24,242 - ERROR - Erro no embedding de C:\Users\PC\source\person_repos\scrapWiki\data\rag_chunks\greydwarf_shaman.json: the input length exceeds the context length (status code: 500)
2026-02-25 12:00:32,343 - ERROR - Erro no embedding de C:\Users\PC\source\person_repos\scrapWiki\data\rag_chunks\hare_rug.json: the input length exceeds the context length (status code: 500)
2026-02-25 12:00:40,413 - ERROR - Erro no embedding de C:\Users\PC\source\person_repos\scrapWiki\data\rag_chunks\hildir.json: the input length exceeds the context length (status code: 500)
2026-02-25 12:01:18,314 - ERROR - Erro no embedding de C:\Users\PC\source\person_repos\scrapWiki\data\rag_chunks\knockback.json: the input length exceeds the context length (status code: 500)
2026-02-25 12:01:32,985 - ERROR - Erro no embedding de C:\Users\PC\source\person_repos\scrapWiki\data\rag_chunks\loot_chest#infested_mine_treasure_chest.json: the input length exceeds the context length (status code: 500)
2026-02-25 12:01:37,911 - ERROR - Erro no embedding de C:\Users\PC\source\person_repos\scrapWiki\data\rag_chunks\lox_rug.json: the input length exceeds the context length (status code: 500)
2026-02-25 12:02:09,949 - ERROR - Erro no embedding de C:\Users\PC\source\person_repos\scrapWiki\data\rag_chunks\mountain_chest.json: the input length exceeds the context length (status code: 500)
2026-02-25 12:02:12,166 - ERROR - Erro no embedding de C:\Users\PC\source\person_repos\scrapWiki\data\rag_chunks\movement_speed.json: the input length exceeds the context length (status code: 500)
2026-02-25 12:02:26,949 - ERROR - Erro no embedding de C:\Users\PC\source\person_repos\scrapWiki\data\rag_chunks\npcs.json: the input length exceeds the context length (status code: 500)
2026-02-25 12:02:46,888 - ERROR - Erro no embedding de C:\Users\PC\source\person_repos\scrapWiki\data\rag_chunks\pierce.json: the input length exceeds the context length (status code: 500)
2026-02-25 12:02:49,005 - ERROR - Erro no embedding de C:\Users\PC\source\person_repos\scrapWiki\data\rag_chunks\plains_chest.json: the input length exceeds the context length (status code: 500)
2026-02-25 12:02:51,917 - ERROR - Erro no embedding de C:\Users\PC\source\person_repos\scrapWiki\data\rag_chunks\point_of_interest.json: the input length exceeds the context length (status code: 500)
2026-02-25 12:03:03,320 - ERROR - Erro no embedding de C:\Users\PC\source\person_repos\scrapWiki\data\rag_chunks\raven_throne.json: the input length exceeds the context length (status code: 500)
2026-02-25 12:03:05,378 - ERROR - Erro no embedding de C:\Users\PC\source\person_repos\scrapWiki\data\rag_chunks\red_jute_carpet.json: the input length exceeds the context length (status code: 500)
2026-02-25 12:03:18,793 - ERROR - Erro no embedding de C:\Users\PC\source\person_repos\scrapWiki\data\rag_chunks\rugs.json: the input length exceeds the context length (status code: 500)
2026-02-25 12:03:29,356 - ERROR - Erro no embedding de C:\Users\PC\source\person_repos\scrapWiki\data\rag_chunks\seeker_soldier.json: the input length exceeds the context length (status code: 500)
2026-02-25 12:03:44,696 - ERROR - Erro no embedding de C:\Users\PC\source\person_repos\scrapWiki\data\rag_chunks\sitting_log.json: the input length exceeds the context length (status code: 500)
2026-02-25 12:03:48,107 - ERROR - Erro no embedding de C:\Users\PC\source\person_repos\scrapWiki\data\rag_chunks\skills.json: the input length exceeds the context length (status code: 500)
2026-02-25 12:03:52,735 - ERROR - Erro no embedding de C:\Users\PC\source\person_repos\scrapWiki\data\rag_chunks\slash.json: the input length exceeds the context length (status code: 500)
2026-02-25 12:03:53,677 - ERROR - Erro no embedding de C:\Users\PC\source\person_repos\scrapWiki\data\rag_chunks\sledgehammers.json: the input length exceeds the context length (status code: 500)
2026-02-25 12:04:01,440 - ERROR - Erro no embedding de C:\Users\PC\source\person_repos\scrapWiki\data\rag_chunks\spawn_points.json: the input length exceeds the context length (status code: 500)
2026-02-25 12:04:02,333 - ERROR - Erro no embedding de C:\Users\PC\source\person_repos\scrapWiki\data\rag_chunks\spawn_zones.json: the input length exceeds the context length (status code: 500)
2026-02-25 12:04:07,350 - ERROR - Erro no embedding de C:\Users\PC\source\person_repos\scrapWiki\data\rag_chunks\spirit.json: the input length exceeds the context length (status code: 500)
2026-02-25 12:04:14,294 - ERROR - Erro no embedding de C:\Users\PC\source\person_repos\scrapWiki\data\rag_chunks\stagger.json: the input length exceeds the context length (status code: 500)
2026-02-25 12:04:25,767 - ERROR - Erro no embedding de C:\Users\PC\source\person_repos\scrapWiki\data\rag_chunks\stone_throne.json: the input length exceeds the context length (status code: 500)
2026-02-25 12:04:27,992 - ERROR - Erro no embedding de C:\Users\PC\source\person_repos\scrapWiki\data\rag_chunks\stool.json: the input length exceeds the context length (status code: 500)
2026-02-25 12:04:29,220 - ERROR - Erro no embedding de C:\Users\PC\source\person_repos\scrapWiki\data\rag_chunks\straw.json: the input length exceeds the context length (status code: 500)
2026-02-25 12:04:54,917 - ERROR - Erro no embedding de C:\Users\PC\source\person_repos\scrapWiki\data\rag_chunks\trees.json: the input length exceeds the context length (status code: 500)
2026-02-25 12:04:56,177 - ERROR - Erro no embedding de C:\Users\PC\source\person_repos\scrapWiki\data\rag_chunks\troll.json: the input length exceeds the context length (status code: 500)
2026-02-25 12:05:22,795 - ERROR - Erro no embedding de C:\Users\PC\source\person_repos\scrapWiki\data\rag_chunks\weapons.json: the input length exceeds the context length (status code: 500)
2026-02-25 12:05:24,569 - ERROR - Erro no embedding de C:\Users\PC\source\person_repos\scrapWiki\data\rag_chunks\weather.json: the input length exceeds the context length (status code: 500)
2026-02-25 12:05:36,788 - ERROR - Erro no embedding de C:\Users\PC\source\person_repos\scrapWiki\data\rag_chunks\wolf_rug.json: the input length exceeds the context length (status code: 500)
2026-02-25 12:05:40,484 - ERROR - Erro no embedding de C:\Users\PC\source\person_repos\scrapWiki\data\rag_chunks\wood_floor_1x1.json: the input length exceeds the context length (status code: 500)
2026-02-25 12:05:41,044 - ERROR - Erro no embedding de C:\Users\PC\source\person_repos\scrapWiki\data\rag_chunks\wood_pole_1m.json: the input length exceeds the context length (status code: 500)
2026-02-25 12:05:41,311 - ERROR - Erro no embedding de C:\Users\PC\source\person_repos\scrapWiki\data\rag_chunks\wood_pole_2m.json: the input length exceeds the context length (status code: 500)
2026-02-25 12:05:41,878 - ERROR - Erro no embedding de C:\Users\PC\source\person_repos\scrapWiki\data\rag_chunks\wood_structures.json: the input length exceeds the context length (status code: 500)
2026-02-25 12:05:42,466 - ERROR - Erro no embedding de C:\Users\PC\source\person_repos\scrapWiki\data\rag_chunks\wood_wall.json: the input length exceeds the context length (status code: 500)
2026-02-25 12:05:42,691 - ERROR - Erro no embedding de C:\Users\PC\source\person_repos\scrapWiki\data\rag_chunks\wood_wall_half.json: the input length exceeds the context length (status code: 500)
2026-02-27 08:38:26,801 - ERROR - Erro no embedding de C:\Users\PC\source\person_repos\scrapWiki\data\rag_chunks\armor.json: the input length exceeds the context length (status code: 500)
2026-02-27 08:38:41,328 - ERROR - Erro no embedding de C:\Users\PC\source\person_repos\scrapWiki\data\rag_chunks\asksvin_rug.json: the input length exceeds the context length (status code: 500)
2026-02-27 08:38:45,431 - ERROR - Erro no embedding de C:\Users\PC\source\person_repos\scrapWiki\data\rag_chunks\axes.json: the input length exceeds the context length (status code: 500)
2026-02-27 08:38:59,642 - ERROR - Erro no embedding de C:\Users\PC\source\person_repos\scrapWiki\data\rag_chunks\bearskin_rug.json: the input length exceeds the context length (status code: 500)
2026-02-27 08:39:10,956 - ERROR - Erro no embedding de C:\Users\PC\source\person_repos\scrapWiki\data\rag_chunks\birch.json: the input length exceeds the context length (status code: 500)
2026-02-27 08:39:35,051 - ERROR - Erro no embedding de C:\Users\PC\source\person_repos\scrapWiki\data\rag_chunks\blue_jute_carpet.json: the input length exceeds the context length (status code: 500)
2026-02-27 08:39:41,598 - ERROR - Erro no embedding de C:\Users\PC\source\person_repos\scrapWiki\data\rag_chunks\blunt.json: the input length exceeds the context length (status code: 500)
2026-02-27 08:39:59,712 - ERROR - Erro no embedding de C:\Users\PC\source\person_repos\scrapWiki\data\rag_chunks\boss.json: the input length exceeds the context length (status code: 500)
2026-02-27 08:40:02,421 - ERROR - Erro no embedding de C:\Users\PC\source\person_repos\scrapWiki\data\rag_chunks\bosses.json: the input length exceeds the context length (status code: 500)
2026-02-27 08:40:02,768 - ERROR - Erro no embedding de C:\Users\PC\source\person_repos\scrapWiki\data\rag_chunks\bows.json: the input length exceeds the context length (status code: 500)
2026-02-27 08:40:59,478 - ERROR - Erro no embedding de C:\Users\PC\source\person_repos\scrapWiki\data\rag_chunks\chop.json: the input length exceeds the context length (status code: 500)
2026-02-27 08:41:01,011 - ERROR - Erro no embedding de C:\Users\PC\source\person_repos\scrapWiki\data\rag_chunks\clubs.json: the input length exceeds the context length (status code: 500)
2026-02-27 08:41:19,482 - ERROR - Erro no embedding de C:\Users\PC\source\person_repos\scrapWiki\data\rag_chunks\crafting.json: the input length exceeds the context length (status code: 500)
2026-02-27 08:41:23,639 - ERROR - Erro no embedding de C:\Users\PC\source\person_repos\scrapWiki\data\rag_chunks\creatures.json: the input length exceeds the context length (status code: 500)
2026-02-27 08:41:32,836 - ERROR - Erro no embedding de C:\Users\PC\source\person_repos\scrapWiki\data\rag_chunks\cultivator.json: the input length exceeds the context length (status code: 500)
2026-02-27 08:41:38,600 - ERROR - Erro no embedding de C:\Users\PC\source\person_repos\scrapWiki\data\rag_chunks\damage#blunt.json: the input length exceeds the context length (status code: 500)
2026-02-27 08:41:43,073 - ERROR - Erro no embedding de C:\Users\PC\source\person_repos\scrapWiki\data\rag_chunks\damage#chop.json: the input length exceeds the context length (status code: 500)
2026-02-27 08:41:47,443 - ERROR - Erro no embedding de C:\Users\PC\source\person_repos\scrapWiki\data\rag_chunks\damage#fire.json: the input length exceeds the context length (status code: 500)
2026-02-27 08:41:51,916 - ERROR - Erro no embedding de C:\Users\PC\source\person_repos\scrapWiki\data\rag_chunks\damage#frost.json: the input length exceeds the context length (status code: 500)
2026-02-27 08:41:56,426 - ERROR - Erro no embedding de C:\Users\PC\source\person_repos\scrapWiki\data\rag_chunks\damage#lightning.json: the input length exceeds the context length (status code: 500)
2026-02-27 08:42:00,766 - ERROR - Erro no embedding de C:\Users\PC\source\person_repos\scrapWiki\data\rag_chunks\damage#pickaxe.json: the input length exceeds the context length (status code: 500)
2026-02-27 08:42:05,333 - ERROR - Erro no embedding de C:\Users\PC\source\person_repos\scrapWiki\data\rag_chunks\damage#pierce.json: the input length exceeds the context length (status code: 500)
2026-02-27 08:42:10,050 - ERROR - Erro no embedding de C:\Users\PC\source\person_repos\scrapWiki\data\rag_chunks\damage#poison.json: the input length exceeds the context length (status code: 500)
2026-02-27 08:42:14,841 - ERROR - Erro no embedding de C:\Users\PC\source\person_repos\scrapWiki\data\rag_chunks\damage#slash.json: the input length exceeds the context length (status code: 500)
2026-02-27 08:42:19,525 - ERROR - Erro no embedding de C:\Users\PC\source\person_repos\scrapWiki\data\rag_chunks\damage#spirit.json: the input length exceeds the context length (status code: 500)
2026-02-27 08:42:23,995 - ERROR - Erro no embedding de C:\Users\PC\source\person_repos\scrapWiki\data\rag_chunks\damage#weak_points.json: the input length exceeds the context length (status code: 500)
2026-02-27 08:42:28,340 - ERROR - Erro no embedding de C:\Users\PC\source\person_repos\scrapWiki\data\rag_chunks\damage.json: the input length exceeds the context length (status code: 500)
2026-02-27 08:42:28,704 - ERROR - Erro no embedding de C:\Users\PC\source\person_repos\scrapWiki\data\rag_chunks\damage_and_blocking_mechanics#armor.json: the input length exceeds the context length (status code: 500)
2026-02-27 08:42:29,006 - ERROR - Erro no embedding de C:\Users\PC\source\person_repos\scrapWiki\data\rag_chunks\damage_and_blocking_mechanics.json: the input length exceeds the context length (status code: 500)
2026-02-27 08:42:29,314 - ERROR - Erro no embedding de C:\Users\PC\source\person_repos\scrapWiki\data\rag_chunks\damage_mechanics#dodging.json: the input length exceeds the context length (status code: 500)
2026-02-27 08:42:29,642 - ERROR - Erro no embedding de C:\Users\PC\source\person_repos\scrapWiki\data\rag_chunks\damage_mechanics.json: the input length exceeds the context length (status code: 500)
2026-02-27 08:42:34,114 - ERROR - Erro no embedding de C:\Users\PC\source\person_repos\scrapWiki\data\rag_chunks\damage_types#blunt.json: the input length exceeds the context length (status code: 500)
2026-02-27 08:42:38,421 - ERROR - Erro no embedding de C:\Users\PC\source\person_repos\scrapWiki\data\rag_chunks\damage_types#chop.json: the input length exceeds the context length (status code: 500)
2026-02-27 08:42:42,584 - ERROR - Erro no embedding de C:\Users\PC\source\person_repos\scrapWiki\data\rag_chunks\damage_types#fire.json: the input length exceeds the context length (status code: 500)
2026-02-27 08:42:46,798 - ERROR - Erro no embedding de C:\Users\PC\source\person_repos\scrapWiki\data\rag_chunks\damage_types#frost.json: the input length exceeds the context length (status code: 500)
2026-02-27 08:42:51,139 - ERROR - Erro no embedding de C:\Users\PC\source\person_repos\scrapWiki\data\rag_chunks\damage_types#lightning.json: the input length exceeds the context length (status code: 500)
2026-02-27 08:42:55,698 - ERROR - Erro no embedding de C:\Users\PC\source\person_repos\scrapWiki\data\rag_chunks\damage_types#pickaxe.json: the input length exceeds the context length (status code: 500)
2026-02-27 08:42:59,936 - ERROR - Erro no embedding de C:\Users\PC\source\person_repos\scrapWiki\data\rag_chunks\damage_types#pierce.json: the input length exceeds the context length (status code: 500)
2026-02-27 08:43:04,580 - ERROR - Erro no embedding de C:\Users\PC\source\person_repos\scrapWiki\data\rag_chunks\damage_types#poison.json: the input length exceeds the context length (status code: 500)
2026-02-27 08:43:09,246 - ERROR - Erro no embedding de C:\Users\PC\source\person_repos\scrapWiki\data\rag_chunks\damage_types#slash.json: the input length exceeds the context length (status code: 500)
2026-02-27 08:43:13,887 - ERROR - Erro no embedding de C:\Users\PC\source\person_repos\scrapWiki\data\rag_chunks\damage_types#spirit.json: the input length exceeds the context length (status code: 500)
2026-02-27 08:43:18,615 - ERROR - Erro no embedding de C:\Users\PC\source\person_repos\scrapWiki\data\rag_chunks\damage_types#staggering.json: the input length exceeds the context length (status code: 500)
2026-02-27 08:43:23,201 - ERROR - Erro no embedding de C:\Users\PC\source\person_repos\scrapWiki\data\rag_chunks\damage_types.json: the input length exceeds the context length (status code: 500)
2026-02-27 08:43:30,683 - ERROR - Erro no embedding de C:\Users\PC\source\person_repos\scrapWiki\data\rag_chunks\deer_rug.json: the input length exceeds the context length (status code: 500)
2026-02-27 08:43:44,492 - ERROR - Erro no embedding de C:\Users\PC\source\person_repos\scrapWiki\data\rag_chunks\draugr.json: the input length exceeds the context length (status code: 500)
2026-02-27 08:44:29,074 - ERROR - Erro no embedding de C:\Users\PC\source\person_repos\scrapWiki\data\rag_chunks\events.json: the input length exceeds the context length (status code: 500)
2026-02-27 08:44:55,689 - ERROR - Erro no embedding de C:\Users\PC\source\person_repos\scrapWiki\data\rag_chunks\fire.json: the input length exceeds the context length (status code: 500)
2026-02-27 08:44:59,155 - ERROR - Erro no embedding de C:\Users\PC\source\person_repos\scrapWiki\data\rag_chunks\fish.json: the input length exceeds the context length (status code: 500)
2026-02-27 08:45:20,247 - ERROR - Erro no embedding de C:\Users\PC\source\person_repos\scrapWiki\data\rag_chunks\food.json: the input length exceeds the context length (status code: 500)
2026-02-27 08:45:29,837 - ERROR - Erro no embedding de C:\Users\PC\source\person_repos\scrapWiki\data\rag_chunks\frost.json: the input length exceeds the context length (status code: 500)
2026-02-27 08:45:53,800 - ERROR - Erro no embedding de C:\Users\PC\source\person_repos\scrapWiki\data\rag_chunks\greydwarf_brute.json: the input length exceeds the context length (status code: 500)
2026-02-27 08:45:54,577 - ERROR - Erro no embedding de C:\Users\PC\source\person_repos\scrapWiki\data\rag_chunks\greydwarf_nest.json: the input length exceeds the context length (status code: 500)
2026-02-27 08:45:54,919 - ERROR - Erro no embedding de C:\Users\PC\source\person_repos\scrapWiki\data\rag_chunks\greydwarf_shaman.json: the input length exceeds the context length (status code: 500)
2026-02-27 08:46:05,365 - ERROR - Erro no embedding de C:\Users\PC\source\person_repos\scrapWiki\data\rag_chunks\hare_rug.json: the input length exceeds the context length (status code: 500)
2026-02-27 08:46:15,812 - ERROR - Erro no embedding de C:\Users\PC\source\person_repos\scrapWiki\data\rag_chunks\hildir.json: the input length exceeds the context length (status code: 500)
2026-02-27 08:46:59,178 - ERROR - Erro no embedding de C:\Users\PC\source\person_repos\scrapWiki\data\rag_chunks\knives.json: the input length exceeds the context length (status code: 500)
2026-02-27 08:47:00,445 - ERROR - Erro no embedding de C:\Users\PC\source\person_repos\scrapWiki\data\rag_chunks\knockback.json: the input length exceeds the context length (status code: 500)
2026-02-27 08:47:17,871 - ERROR - Erro no embedding de C:\Users\PC\source\person_repos\scrapWiki\data\rag_chunks\loot_chest#infested_mine_treasure_chest.json: the input length exceeds the context length (status code: 500)
2026-02-27 08:47:23,504 - ERROR - Erro no embedding de C:\Users\PC\source\person_repos\scrapWiki\data\rag_chunks\lox_rug.json: the input length exceeds the context length (status code: 500)
2026-02-27 08:48:01,597 - ERROR - Erro no embedding de C:\Users\PC\source\person_repos\scrapWiki\data\rag_chunks\mountain_chest.json: the input length exceeds the context length (status code: 500)
2026-02-27 08:48:03,996 - ERROR - Erro no embedding de C:\Users\PC\source\person_repos\scrapWiki\data\rag_chunks\movement_speed.json: the input length exceeds the context length (status code: 500)
2026-02-27 08:48:20,777 - ERROR - Erro no embedding de C:\Users\PC\source\person_repos\scrapWiki\data\rag_chunks\npcs.json: the input length exceeds the context length (status code: 500)
2026-02-27 08:48:44,121 - ERROR - Erro no embedding de C:\Users\PC\source\person_repos\scrapWiki\data\rag_chunks\pierce.json: the input length exceeds the context length (status code: 500)
2026-02-27 08:48:47,027 - ERROR - Erro no embedding de C:\Users\PC\source\person_repos\scrapWiki\data\rag_chunks\plains_chest.json: the input length exceeds the context length (status code: 500)
2026-02-27 08:48:50,445 - ERROR - Erro no embedding de C:\Users\PC\source\person_repos\scrapWiki\data\rag_chunks\point_of_interest.json: the input length exceeds the context length (status code: 500)
2026-02-27 08:49:08,035 - ERROR - Erro no embedding de C:\Users\PC\source\person_repos\scrapWiki\data\rag_chunks\red_jute_carpet.json: the input length exceeds the context length (status code: 500)
2026-02-27 08:49:28,657 - ERROR - Erro no embedding de C:\Users\PC\source\person_repos\scrapWiki\data\rag_chunks\rugs.json: the input length exceeds the context length (status code: 500)
2026-02-27 08:50:06,233 - ERROR - Erro no embedding de C:\Users\PC\source\person_repos\scrapWiki\data\rag_chunks\seeker_soldier.json: the input length exceeds the context length (status code: 500)
2026-02-27 08:50:31,591 - ERROR - Erro no embedding de C:\Users\PC\source\person_repos\scrapWiki\data\rag_chunks\skills.json: the input length exceeds the context length (status code: 500)
2026-02-27 08:50:37,049 - ERROR - Erro no embedding de C:\Users\PC\source\person_repos\scrapWiki\data\rag_chunks\slash.json: the input length exceeds the context length (status code: 500)
2026-02-27 08:50:38,102 - ERROR - Erro no embedding de C:\Users\PC\source\person_repos\scrapWiki\data\rag_chunks\sledgehammers.json: the input length exceeds the context length (status code: 500)
2026-02-27 08:50:50,151 - ERROR - Erro no embedding de C:\Users\PC\source\person_repos\scrapWiki\data\rag_chunks\spawn_points.json: the input length exceeds the context length (status code: 500)
2026-02-27 08:50:51,241 - ERROR - Erro no embedding de C:\Users\PC\source\person_repos\scrapWiki\data\rag_chunks\spawn_zones.json: the input length exceeds the context length (status code: 500)
2026-02-27 08:50:57,255 - ERROR - Erro no embedding de C:\Users\PC\source\person_repos\scrapWiki\data\rag_chunks\spirit.json: the input length exceeds the context length (status code: 500)
2026-02-27 08:51:04,527 - ERROR - Erro no embedding de C:\Users\PC\source\person_repos\scrapWiki\data\rag_chunks\stagger.json: the input length exceeds the context length (status code: 500)
2026-02-27 08:51:19,864 - ERROR - Erro no embedding de C:\Users\PC\source\person_repos\scrapWiki\data\rag_chunks\straw.json: the input length exceeds the context length (status code: 500)
2026-02-27 08:51:31,463 - ERROR - Erro no embedding de C:\Users\PC\source\person_repos\scrapWiki\data\rag_chunks\swords.json: the input length exceeds the context length (status code: 500)
2026-02-27 08:51:54,246 - ERROR - Erro no embedding de C:\Users\PC\source\person_repos\scrapWiki\data\rag_chunks\trees.json: the input length exceeds the context length (status code: 500)
2026-02-27 08:52:37,356 - ERROR - Erro no embedding de C:\Users\PC\source\person_repos\scrapWiki\data\rag_chunks\weapons.json: the input length exceeds the context length (status code: 500)
2026-02-27 08:52:39,062 - ERROR - Erro no embedding de C:\Users\PC\source\person_repos\scrapWiki\data\rag_chunks\weather.json: the input length exceeds the context length (status code: 500)
2026-02-27 08:52:54,186 - ERROR - Erro no embedding de C:\Users\PC\source\person_repos\scrapWiki\data\rag_chunks\wolf_rug.json: the input length exceeds the context length (status code: 500)
2026-02-27 08:52:59,332 - ERROR - Erro no embedding de C:\Users\PC\source\person_repos\scrapWiki\data\rag_chunks\wood_floor_1x1.json: the input length exceeds the context length (status code: 500)
2026-02-27 08:53:00,354 - ERROR - Erro no embedding de C:\Users\PC\source\person_repos\scrapWiki\data\rag_chunks\wood_pole_1m.json: the input length exceeds the context length (status code: 500)
2026-02-27 08:53:00,973 - ERROR - Erro no embedding de C:\Users\PC\source\person_repos\scrapWiki\data\rag_chunks\wood_pole_2m.json: the input length exceeds the context length (status code: 500)
2026-02-27 08:53:02,025 - ERROR - Erro no embedding de C:\Users\PC\source\person_repos\scrapWiki\data\rag_chunks\wood_structures.json: the input length exceeds the context length (status code: 500)
2026-02-27 08:53:03,212 - ERROR - Erro no embedding de C:\Users\PC\source\person_repos\scrapWiki\data\rag_chunks\wood_wall.json: the input length exceeds the context length (status code: 500)
2026-02-27 08:53:03,905 - ERROR - Erro no embedding de C:\Users\PC\source\person_repos\scrapWiki\data\rag_chunks\wood_wall_half.json: the input length exceeds the context length (status code: 500)
